--------------------------------------------------------------------------------
[Sep 18, 2026 11:20:27.7 PM GMT:ERROR:creative_new_tab_page_ads_util.cc(153)] Successfully saved creative new tab page ads
[Sep 18, 2026 11:20:27.7 PM GMT:ERROR:creative_new_tab_page_ads_util.cc(138)] Successfully saved creative set conversions
[Sep 18, 2026 11:20:38.4 PM GMT:ERROR:creative_new_tab_page_ads_util.cc(153)] Successfully saved creative new tab page ads
[Sep 18, 2026 11:20:38.4 PM GMT:ERROR:creative_new_tab_page_ads_util.cc(138)] Successfully saved creative set conversions
--------------------------------------------------------------------------------
[Sep 18, 2026 11:29:07.3 PM GMT:ERROR:creative_new_tab_page_ads_util.cc(153)] Successfully saved creative new tab page ads
[Sep 18, 2026 11:29:07.3 PM GMT:ERROR:creative_new_tab_page_ads_util.cc(138)] Successfully saved creative set conversions
--------------------------------------------------------------------------------
[Sep 19, 2026 9:12:44.3 AM GMT:ERROR:creative_new_tab_page_ads_util.cc(153)] Successfully saved creative new tab page ads
[Sep 19, 2026 9:12:44.3 AM GMT:ERROR:creative_new_tab_page_ads_util.cc(138)] Successfully saved creative set conversions
[Sep 19, 2026 9:12:57.1 AM GMT:ERROR:creative_new_tab_page_ads_util.cc(153)] Successfully saved creative new tab page ads
[Sep 19, 2026 9:12:57.1 AM GMT:ERROR:creative_new_tab_page_ads_util.cc(138)] Successfully saved creative set conversions
--------------------------------------------------------------------------------
[Sep 19, 2026 3:47:57.3 PM GMT:ERROR:creative_new_tab_page_ads_util.cc(153)] Successfully saved creative new tab page ads
[Sep 19, 2026 3:47:57.3 PM GMT:ERROR:creative_new_tab_page_ads_util.cc(138)] Successfully saved creative set conversions
--------------------------------------------------------------------------------
[Sep 19, 2026 4:40:23.0 PM GMT:ERROR:creative_new_tab_page_ads_util.cc(153)] Successfully saved creative new tab page ads
[Sep 19, 2026 4:40:23.1 PM GMT:ERROR:creative_new_tab_page_ads_util.cc(138)] Successfully saved creative set conversions
--------------------------------------------------------------------------------
[Sep 22, 2026 7:49:54.0 AM GMT:ERROR:creative_new_tab_page_ads_util.cc(153)] Successfully saved creative new tab page ads
[Sep 22, 2026 7:49:54.0 AM GMT:ERROR:creative_new_tab_page_ads_util.cc(138)] Successfully saved creative set conversions
[Sep 22, 2026 7:50:22.2 AM GMT:ERROR:creative_new_tab_page_ads_util.cc(153)] Successfully saved creative new tab page ads
[Sep 22, 2026 7:50:22.2 AM GMT:ERROR:creative_new_tab_page_ads_util.cc(138)] Successfully saved creative set conversions
--------------------------------------------------------------------------------
[Sep 22, 2026 8:11:54.9 AM GMT:ERROR:creative_new_tab_page_ads_util.cc(153)] Successfully saved creative new tab page ads
[Sep 22, 2026 8:11:54.9 AM GMT:ERROR:creative_new_tab_page_ads_util.cc(138)] Successfully saved creative set conversions
--------------------------------------------------------------------------------
[Sep 22, 2026 8:16:31.8 AM GMT:ERROR:creative_new_tab_page_ads_util.cc(153)] Successfully saved creative new tab page ads
[Sep 22, 2026 8:16:31.8 AM GMT:ERROR:creative_new_tab_page_ads_util.cc(138)] Successfully saved creative set conversions
--------------------------------------------------------------------------------
[Sep 22, 2026 8:26:42.3 AM GMT:ERROR:creative_new_tab_page_ads_util.cc(153)] Successfully saved creative new tab page ads
[Sep 22, 2026 8:26:42.3 AM GMT:ERROR:creative_new_tab_page_ads_util.cc(138)] Successfully saved creative set conversions
--------------------------------------------------------------------------------
[Sep 22, 2026 8:54:13.4 AM GMT:ERROR:database_manager.cc(121)] Failed to create or open database
[Sep 22, 2026 8:54:13.4 AM GMT:ERROR:ads_initializer.cc(46)] Failed to create or open database
[Sep 22, 2026 8:54:13.4 AM GMT:ERROR:ads_impl.cc(346)] Failed to initialize ads
--------------------------------------------------------------------------------
[Sep 22, 2026 9:30:36.8 AM GMT:ERROR:database_manager.cc(121)] Failed to create or open database
[Sep 22, 2026 9:30:36.8 AM GMT:ERROR:ads_initializer.cc(46)] Failed to create or open database
[Sep 22, 2026 9:30:36.8 AM GMT:ERROR:ads_impl.cc(346)] Failed to initialize ads
--------------------------------------------------------------------------------
[Sep 22, 2026 9:34:09.2 AM GMT:ERROR:database_manager.cc(121)] Failed to create or open database
[Sep 22, 2026 9:34:09.2 AM GMT:ERROR:ads_initializer.cc(46)] Failed to create or open database
[Sep 22, 2026 9:34:09.2 AM GMT:ERROR:ads_impl.cc(346)] Failed to initialize ads
--------------------------------------------------------------------------------
[Sep 22, 2026 9:54:54.3 AM GMT:ERROR:database_manager.cc(121)] Failed to create or open database
[Sep 22, 2026 9:54:54.3 AM GMT:ERROR:ads_initializer.cc(46)] Failed to create or open database
[Sep 22, 2026 9:54:54.3 AM GMT:ERROR:ads_impl.cc(346)] Failed to initialize ads
--------------------------------------------------------------------------------
[Sep 22, 2026 10:29:17.7 AM GMT:ERROR:creative_new_tab_page_ads_util.cc(153)] Successfully saved creative new tab page ads
[Sep 22, 2026 10:29:17.7 AM GMT:ERROR:creative_new_tab_page_ads_util.cc(138)] Successfully saved creative set conversions
--------------------------------------------------------------------------------
[Sep 22, 2026 10:30:26.6 AM GMT:ERROR:creative_new_tab_page_ads_util.cc(153)] Successfully saved creative new tab page ads
[Sep 22, 2026 10:30:26.7 AM GMT:ERROR:creative_new_tab_page_ads_util.cc(138)] Successfully saved creative set conversions
--------------------------------------------------------------------------------
[Sep 22, 2026 11:55:07.6 AM GMT:ERROR:creative_new_tab_page_ads_util.cc(153)] Successfully saved creative new tab page ads
[Sep 22, 2026 11:55:07.6 AM GMT:ERROR:creative_new_tab_page_ads_util.cc(138)] Successfully saved creative set conversions
--------------------------------------------------------------------------------
[Sep 22, 2026 12:08:24.8 PM GMT:ERROR:creative_new_tab_page_ads_util.cc(153)] Successfully saved creative new tab page ads
[Sep 22, 2026 12:08:24.8 PM GMT:ERROR:creative_new_tab_page_ads_util.cc(138)] Successfully saved creative set conversions
